[
  {
    "id": 0,
    "name": "cat",
    "tag": "lazy"
  },
  {
    "id": 1,
    "name": "dog",
    "tag": "good"
  }
]
